nohup: ignoring input
========================================================================
M17 dose sweep | phase=training seeds=31000..31299 (300)
  doses     : 0.00, 0.20, 0.40, 0.60, 0.80, 1.00 (6 levels of agent_failure_count)
  dosed     : 4 scenarios -- failure_only, failure_partition, staggered_rejoin, admission_censoring_control
  workers   : 16 of 32 cpus  |  python 3.13.5  numpy 2.2.4
  output    : results/milestone17_training_v2
  progress  : results/milestone17_training_v2/progress.jsonl  (tail -f this, or the stdout log)

  NOTE: this workload is pure numpy on CPU. There is no GPU code path, so
  a GPU machine helps only through core count -- set --workers to match.
========================================================================
[1/6] dose 0.00 (1 censored) starting
  [1/6] dose 0.00 (1 censored) 1/3600 trials (  0.0%)   0.06 trial/s  dose ETA 17:04:14  sweep ETA 4 days, 6:26:54 (~07:16 UTC)
  [1/6] dose 0.00 (1 censored) 175/3600 trials (  4.9%)   3.33 trial/s  dose ETA 0:17:09  sweep ETA 1:47:22 (~02:37 UTC)
  [1/6] dose 0.00 (1 censored) 351/3600 trials (  9.8%)   3.88 trial/s  dose ETA 0:13:57  sweep ETA 1:31:14 (~02:21 UTC)
  [1/6] dose 0.00 (1 censored) 517/3600 trials ( 14.4%)   4.10 trial/s  dose ETA 0:12:32  sweep ETA 1:25:44 (~02:16 UTC)
  [1/6] dose 0.00 (1 censored) 691/3600 trials ( 19.2%)   4.32 trial/s  dose ETA 0:11:12  sweep ETA 1:20:34 (~02:12 UTC)
  [1/6] dose 0.00 (1 censored) 855/3600 trials ( 23.8%)   4.50 trial/s  dose ETA 0:10:10  sweep ETA 1:16:50 (~02:08 UTC)
  [1/6] dose 0.00 (1 censored) 1025/3600 trials ( 28.5%)   4.60 trial/s  dose ETA 0:09:20  sweep ETA 1:14:35 (~02:07 UTC)
  [1/6] dose 0.00 (1 censored) 1217/3600 trials ( 33.8%)   4.70 trial/s  dose ETA 0:08:26  sweep ETA 1:12:15 (~02:05 UTC)
  [1/6] dose 0.00 (1 censored) 1391/3600 trials ( 38.6%)   4.79 trial/s  dose ETA 0:07:40  sweep ETA 1:10:16 (~02:04 UTC)
  [1/6] dose 0.00 (1 censored) 1567/3600 trials ( 43.5%)   4.82 trial/s  dose ETA 0:07:01  sweep ETA 1:09:18 (~02:03 UTC)
  [1/6] dose 0.00 (1 censored) 1727/3600 trials ( 48.0%)   4.82 trial/s  dose ETA 0:06:28  sweep ETA 1:08:44 (~02:03 UTC)
  [1/6] dose 0.00 (1 censored) 1883/3600 trials ( 52.3%)   4.84 trial/s  dose ETA 0:05:54  sweep ETA 1:07:55 (~02:03 UTC)
  [1/6] dose 0.00 (1 censored) 2033/3600 trials ( 56.5%)   4.81 trial/s  dose ETA 0:05:25  sweep ETA 1:07:45 (~02:03 UTC)
  [1/6] dose 0.00 (1 censored) 2205/3600 trials ( 61.3%)   4.82 trial/s  dose ETA 0:04:49  sweep ETA 1:07:03 (~02:03 UTC)
  [1/6] dose 0.00 (1 censored) 2377/3600 trials ( 66.0%)   4.87 trial/s  dose ETA 0:04:11  sweep ETA 1:05:50 (~02:02 UTC)
  [1/6] dose 0.00 (1 censored) 2539/3600 trials ( 70.5%)   4.89 trial/s  dose ETA 0:03:36  sweep ETA 1:04:55 (~02:02 UTC)
  [1/6] dose 0.00 (1 censored) 2717/3600 trials ( 75.5%)   4.94 trial/s  dose ETA 0:02:58  sweep ETA 1:03:44 (~02:01 UTC)
  [1/6] dose 0.00 (1 censored) 2901/3600 trials ( 80.6%)   4.97 trial/s  dose ETA 0:02:20  sweep ETA 1:02:39 (~02:01 UTC)
  [1/6] dose 0.00 (1 censored) 3077/3600 trials ( 85.5%)   5.01 trial/s  dose ETA 0:01:44  sweep ETA 1:01:34 (~02:00 UTC)
  [1/6] dose 0.00 (1 censored) 3247/3600 trials ( 90.2%)   5.04 trial/s  dose ETA 0:01:09  sweep ETA 1:00:39 (~02:00 UTC)
  [1/6] dose 0.00 (1 censored) 3600/3600 trials (100.0%)   5.35 trial/s  dose ETA 0:00:00  sweep ETA 0:56:07 (~01:56 UTC)
[1/6] dose 0.00 (1 censored) DONE in 0:11:19 -> M9A7-TRAINING-PASS
[2/6] dose 0.20 (2 censored) starting
  [2/6] dose 0.20 (2 censored) 1/3600 trials (  0.0%)   0.10 trial/s  dose ETA 9:58:27  sweep ETA 10:43:46 (~11:44 UTC)
  [2/6] dose 0.20 (2 censored) 127/3600 trials (  3.5%)   2.96 trial/s  dose ETA 0:19:35  sweep ETA 1:04:54 (~02:05 UTC)
  [2/6] dose 0.20 (2 censored) 291/3600 trials (  8.1%)   3.92 trial/s  dose ETA 0:14:03  sweep ETA 0:59:22 (~02:00 UTC)
  [2/6] dose 0.20 (2 censored) 463/3600 trials ( 12.9%)   4.35 trial/s  dose ETA 0:12:00  sweep ETA 0:57:20 (~01:59 UTC)
  [2/6] dose 0.20 (2 censored) 633/3600 trials ( 17.6%)   4.48 trial/s  dose ETA 0:11:01  sweep ETA 0:56:20 (~01:58 UTC)
  [2/6] dose 0.20 (2 censored) 803/3600 trials ( 22.3%)   4.60 trial/s  dose ETA 0:10:08  sweep ETA 0:55:27 (~01:58 UTC)
  [2/6] dose 0.20 (2 censored) 979/3600 trials ( 27.2%)   4.72 trial/s  dose ETA 0:09:15  sweep ETA 0:54:34 (~01:58 UTC)
  [2/6] dose 0.20 (2 censored) 1153/3600 trials ( 32.0%)   4.78 trial/s  dose ETA 0:08:31  sweep ETA 0:53:50 (~01:58 UTC)
  [2/6] dose 0.20 (2 censored) 1347/3600 trials ( 37.4%)   4.95 trial/s  dose ETA 0:07:35  sweep ETA 0:52:54 (~01:57 UTC)
  [2/6] dose 0.20 (2 censored) 1533/3600 trials ( 42.6%)   5.07 trial/s  dose ETA 0:06:47  sweep ETA 0:52:06 (~01:57 UTC)
  [2/6] dose 0.20 (2 censored) 1701/3600 trials ( 47.2%)   5.10 trial/s  dose ETA 0:06:11  sweep ETA 0:51:31 (~01:57 UTC)
  [2/6] dose 0.20 (2 censored) 1865/3600 trials ( 51.8%)   5.12 trial/s  dose ETA 0:05:38  sweep ETA 0:50:58 (~01:57 UTC)
  [2/6] dose 0.20 (2 censored) 2007/3600 trials ( 55.8%)   5.07 trial/s  dose ETA 0:05:14  sweep ETA 0:50:33 (~01:57 UTC)
  [2/6] dose 0.20 (2 censored) 2159/3600 trials ( 60.0%)   5.06 trial/s  dose ETA 0:04:44  sweep ETA 0:50:04 (~01:57 UTC)
  [2/6] dose 0.20 (2 censored) 2311/3600 trials ( 64.2%)   5.05 trial/s  dose ETA 0:04:15  sweep ETA 0:49:34 (~01:57 UTC)
  [2/6] dose 0.20 (2 censored) 2487/3600 trials ( 69.1%)   5.10 trial/s  dose ETA 0:03:38  sweep ETA 0:48:57 (~01:57 UTC)
  [2/6] dose 0.20 (2 censored) 2683/3600 trials ( 74.5%)   5.15 trial/s  dose ETA 0:02:58  sweep ETA 0:48:17 (~01:57 UTC)
  [2/6] dose 0.20 (2 censored) 2873/3600 trials ( 79.8%)   5.20 trial/s  dose ETA 0:02:19  sweep ETA 0:47:39 (~01:57 UTC)
  [2/6] dose 0.20 (2 censored) 3055/3600 trials ( 84.9%)   5.24 trial/s  dose ETA 0:01:44  sweep ETA 0:47:03 (~01:57 UTC)
  [2/6] dose 0.20 (2 censored) 3225/3600 trials ( 89.6%)   5.26 trial/s  dose ETA 0:01:11  sweep ETA 0:46:30 (~01:56 UTC)
  [2/6] dose 0.20 (2 censored) 3533/3600 trials ( 98.1%)   5.49 trial/s  dose ETA 0:00:12  sweep ETA 0:45:31 (~01:56 UTC)
  [2/6] dose 0.20 (2 censored) 3600/3600 trials (100.0%)   5.56 trial/s  dose ETA 0:00:00  sweep ETA 0:45:19 (~01:56 UTC)
[2/6] dose 0.20 (2 censored) DONE in 0:10:53 -> M9A7-TRAINING-PASS
[3/6] dose 0.40 (3 censored) starting
  [3/6] dose 0.40 (3 censored) 1/3600 trials (  0.0%)   0.10 trial/s  dose ETA 9:58:23  sweep ETA 10:31:43 (~11:43 UTC)
  [3/6] dose 0.40 (3 censored) 129/3600 trials (  3.6%)   2.93 trial/s  dose ETA 0:19:43  sweep ETA 0:53:03 (~02:04 UTC)
  [3/6] dose 0.40 (3 censored) 289/3600 trials (  8.0%)   3.61 trial/s  dose ETA 0:15:16  sweep ETA 0:48:36 (~02:01 UTC)
  [3/6] dose 0.40 (3 censored) 465/3600 trials ( 12.9%)   4.21 trial/s  dose ETA 0:12:24  sweep ETA 0:45:44 (~01:58 UTC)
  [3/6] dose 0.40 (3 censored) 635/3600 trials ( 17.6%)   4.50 trial/s  dose ETA 0:10:58  sweep ETA 0:44:18 (~01:57 UTC)
  [3/6] dose 0.40 (3 censored) 807/3600 trials ( 22.4%)   4.62 trial/s  dose ETA 0:10:03  sweep ETA 0:43:23 (~01:57 UTC)
  [3/6] dose 0.40 (3 censored) 977/3600 trials ( 27.1%)   4.70 trial/s  dose ETA 0:09:17  sweep ETA 0:42:37 (~01:57 UTC)
  [3/6] dose 0.40 (3 censored) 1147/3600 trials ( 31.9%)   4.80 trial/s  dose ETA 0:08:30  sweep ETA 0:41:50 (~01:56 UTC)
  [3/6] dose 0.40 (3 censored) 1345/3600 trials ( 37.4%)   4.97 trial/s  dose ETA 0:07:33  sweep ETA 0:40:52 (~01:56 UTC)
  [3/6] dose 0.40 (3 censored) 1531/3600 trials ( 42.5%)   5.09 trial/s  dose ETA 0:06:46  sweep ETA 0:40:05 (~01:56 UTC)
  [3/6] dose 0.40 (3 censored) 1703/3600 trials ( 47.3%)   5.14 trial/s  dose ETA 0:06:08  sweep ETA 0:39:28 (~01:56 UTC)
  [3/6] dose 0.40 (3 censored) 1861/3600 trials ( 51.7%)   5.12 trial/s  dose ETA 0:05:39  sweep ETA 0:38:59 (~01:56 UTC)
  [3/6] dose 0.40 (3 censored) 2019/3600 trials ( 56.1%)   5.09 trial/s  dose ETA 0:05:10  sweep ETA 0:38:30 (~01:56 UTC)
  [3/6] dose 0.40 (3 censored) 2179/3600 trials ( 60.5%)   5.09 trial/s  dose ETA 0:04:39  sweep ETA 0:37:58 (~01:56 UTC)
  [3/6] dose 0.40 (3 censored) 2329/3600 trials ( 64.7%)   5.07 trial/s  dose ETA 0:04:10  sweep ETA 0:37:30 (~01:56 UTC)
  [3/6] dose 0.40 (3 censored) 2523/3600 trials ( 70.1%)   5.15 trial/s  dose ETA 0:03:29  sweep ETA 0:36:48 (~01:56 UTC)
  [3/6] dose 0.40 (3 censored) 2719/3600 trials ( 75.5%)   5.22 trial/s  dose ETA 0:02:48  sweep ETA 0:36:08 (~01:55 UTC)
  [3/6] dose 0.40 (3 censored) 2905/3600 trials ( 80.7%)   5.26 trial/s  dose ETA 0:02:12  sweep ETA 0:35:31 (~01:55 UTC)
  [3/6] dose 0.40 (3 censored) 3081/3600 trials ( 85.6%)   5.29 trial/s  dose ETA 0:01:38  sweep ETA 0:34:57 (~01:55 UTC)
  [3/6] dose 0.40 (3 censored) 3259/3600 trials ( 90.5%)   5.31 trial/s  dose ETA 0:01:04  sweep ETA 0:34:23 (~01:55 UTC)
  [3/6] dose 0.40 (3 censored) 3600/3600 trials (100.0%)   5.61 trial/s  dose ETA 0:00:00  sweep ETA 0:33:19 (~01:55 UTC)
[3/6] dose 0.40 (3 censored) DONE in 0:10:47 -> M9A7-TRAINING-PASS
[4/6] dose 0.60 (4 censored) starting
  [4/6] dose 0.60 (4 censored) 1/3600 trials (  0.0%)   0.08 trial/s  dose ETA 12:38:00  sweep ETA 13:00:01 (~14:22 UTC)
  [4/6] dose 0.60 (4 censored) 129/3600 trials (  3.6%)   2.95 trial/s  dose ETA 0:19:37  sweep ETA 0:41:38 (~02:04 UTC)
  [4/6] dose 0.60 (4 censored) 287/3600 trials (  8.0%)   3.69 trial/s  dose ETA 0:14:58  sweep ETA 0:36:59 (~02:00 UTC)
  [4/6] dose 0.60 (4 censored) 511/3600 trials ( 14.2%)   4.72 trial/s  dose ETA 0:10:53  sweep ETA 0:32:54 (~01:56 UTC)
  [4/6] dose 0.60 (4 censored) 657/3600 trials ( 18.2%)   4.74 trial/s  dose ETA 0:10:20  sweep ETA 0:32:21 (~01:56 UTC)
  [4/6] dose 0.60 (4 censored) 819/3600 trials ( 22.8%)   4.84 trial/s  dose ETA 0:09:34  sweep ETA 0:31:35 (~01:56 UTC)
  [4/6] dose 0.60 (4 censored) 977/3600 trials ( 27.1%)   4.86 trial/s  dose ETA 0:08:59  sweep ETA 0:31:00 (~01:56 UTC)
  [4/6] dose 0.60 (4 censored) 1151/3600 trials ( 32.0%)   4.92 trial/s  dose ETA 0:08:17  sweep ETA 0:30:17 (~01:56 UTC)
  [4/6] dose 0.60 (4 censored) 1375/3600 trials ( 38.2%)   5.17 trial/s  dose ETA 0:07:10  sweep ETA 0:29:11 (~01:55 UTC)
  [4/6] dose 0.60 (4 censored) 1581/3600 trials ( 43.9%)   5.33 trial/s  dose ETA 0:06:19  sweep ETA 0:28:19 (~01:55 UTC)
  [4/6] dose 0.60 (4 censored) 1781/3600 trials ( 49.5%)   5.43 trial/s  dose ETA 0:05:35  sweep ETA 0:27:35 (~01:54 UTC)
  [4/6] dose 0.60 (4 censored) 1919/3600 trials ( 53.3%)   5.34 trial/s  dose ETA 0:05:14  sweep ETA 0:27:15 (~01:55 UTC)
  [4/6] dose 0.60 (4 censored) 2073/3600 trials ( 57.6%)   5.30 trial/s  dose ETA 0:04:48  sweep ETA 0:26:48 (~01:55 UTC)
  [4/6] dose 0.60 (4 censored) 2235/3600 trials ( 62.1%)   5.28 trial/s  dose ETA 0:04:18  sweep ETA 0:26:18 (~01:55 UTC)
  [4/6] dose 0.60 (4 censored) 2381/3600 trials ( 66.1%)   5.25 trial/s  dose ETA 0:03:51  sweep ETA 0:25:52 (~01:55 UTC)
  [4/6] dose 0.60 (4 censored) 2617/3600 trials ( 72.7%)   5.41 trial/s  dose ETA 0:03:01  sweep ETA 0:25:02 (~01:55 UTC)
  [4/6] dose 0.60 (4 censored) 2811/3600 trials ( 78.1%)   5.46 trial/s  dose ETA 0:02:24  sweep ETA 0:24:24 (~01:54 UTC)
  [4/6] dose 0.60 (4 censored) 2997/3600 trials ( 83.2%)   5.49 trial/s  dose ETA 0:01:49  sweep ETA 0:23:50 (~01:54 UTC)
  [4/6] dose 0.60 (4 censored) 3165/3600 trials ( 87.9%)   5.49 trial/s  dose ETA 0:01:19  sweep ETA 0:23:19 (~01:54 UTC)
  [4/6] dose 0.60 (4 censored) 3423/3600 trials ( 95.1%)   5.64 trial/s  dose ETA 0:00:31  sweep ETA 0:22:31 (~01:54 UTC)
  [4/6] dose 0.60 (4 censored) 3600/3600 trials (100.0%)   5.81 trial/s  dose ETA 0:00:00  sweep ETA 0:22:00 (~01:54 UTC)
[4/6] dose 0.60 (4 censored) DONE in 0:10:26 -> M9A7-TRAINING-PASS
[5/6] dose 0.80 (5 censored) starting
  [5/6] dose 0.80 (5 censored) 1/3600 trials (  0.0%)   0.06 trial/s  dose ETA 17:59:11  sweep ETA 18:10:03 (~19:42 UTC)
  [5/6] dose 0.80 (5 censored) 177/3600 trials (  4.9%)   3.24 trial/s  dose ETA 0:17:37  sweep ETA 0:28:29 (~02:01 UTC)
  [5/6] dose 0.80 (5 censored) 353/3600 trials (  9.8%)   4.07 trial/s  dose ETA 0:13:17  sweep ETA 0:24:09 (~01:57 UTC)
  [5/6] dose 0.80 (5 censored) 579/3600 trials ( 16.1%)   4.87 trial/s  dose ETA 0:10:19  sweep ETA 0:21:11 (~01:55 UTC)
  [5/6] dose 0.80 (5 censored) 743/3600 trials ( 20.6%)   4.89 trial/s  dose ETA 0:09:44  sweep ETA 0:20:35 (~01:55 UTC)
  [5/6] dose 0.80 (5 censored) 909/3600 trials ( 25.2%)   4.96 trial/s  dose ETA 0:09:03  sweep ETA 0:19:54 (~01:55 UTC)
  [5/6] dose 0.80 (5 censored) 1069/3600 trials ( 29.7%)   5.01 trial/s  dose ETA 0:08:25  sweep ETA 0:19:17 (~01:55 UTC)
  [5/6] dose 0.80 (5 censored) 1251/3600 trials ( 34.8%)   5.13 trial/s  dose ETA 0:07:37  sweep ETA 0:18:29 (~01:54 UTC)
  [5/6] dose 0.80 (5 censored) 1485/3600 trials ( 41.2%)   5.41 trial/s  dose ETA 0:06:31  sweep ETA 0:17:22 (~01:54 UTC)
  [5/6] dose 0.80 (5 censored) 1703/3600 trials ( 47.3%)   5.58 trial/s  dose ETA 0:05:39  sweep ETA 0:16:31 (~01:53 UTC)
  [5/6] dose 0.80 (5 censored) 1869/3600 trials ( 51.9%)   5.56 trial/s  dose ETA 0:05:11  sweep ETA 0:16:02 (~01:54 UTC)
  [5/6] dose 0.80 (5 censored) 2037/3600 trials ( 56.6%)   5.48 trial/s  dose ETA 0:04:45  sweep ETA 0:15:37 (~01:54 UTC)
  [5/6] dose 0.80 (5 censored) 2211/3600 trials ( 61.4%)   5.43 trial/s  dose ETA 0:04:15  sweep ETA 0:15:07 (~01:54 UTC)
  [5/6] dose 0.80 (5 censored) 2381/3600 trials ( 66.1%)   5.39 trial/s  dose ETA 0:03:46  sweep ETA 0:14:37 (~01:54 UTC)
  [5/6] dose 0.80 (5 censored) 2651/3600 trials ( 73.6%)   5.61 trial/s  dose ETA 0:02:49  sweep ETA 0:13:40 (~01:53 UTC)
  [5/6] dose 0.80 (5 censored) 2843/3600 trials ( 79.0%)   5.63 trial/s  dose ETA 0:02:14  sweep ETA 0:13:06 (~01:53 UTC)
  [5/6] dose 0.80 (5 censored) 3019/3600 trials ( 83.9%)   5.64 trial/s  dose ETA 0:01:42  sweep ETA 0:12:34 (~01:53 UTC)
  [5/6] dose 0.80 (5 censored) 3195/3600 trials ( 88.8%)   5.65 trial/s  dose ETA 0:01:11  sweep ETA 0:12:03 (~01:53 UTC)
  [5/6] dose 0.80 (5 censored) 3485/3600 trials ( 96.8%)   5.84 trial/s  dose ETA 0:00:19  sweep ETA 0:11:11 (~01:53 UTC)
  [5/6] dose 0.80 (5 censored) 3600/3600 trials (100.0%)   5.96 trial/s  dose ETA 0:00:00  sweep ETA 0:10:51 (~01:53 UTC)
[5/6] dose 0.80 (5 censored) DONE in 0:10:10 -> M9A7-TRAINING-PASS
[6/6] dose 1.00 (6 censored) starting
  [6/6] dose 1.00 (6 censored) 1/3600 trials (  0.0%)   0.06 trial/s  dose ETA 18:06:47  sweep ETA 18:06:47 (~19:49 UTC)
  [6/6] dose 1.00 (6 censored) 177/3600 trials (  4.9%)   3.28 trial/s  dose ETA 0:17:24  sweep ETA 0:17:24 (~02:00 UTC)
  [6/6] dose 1.00 (6 censored) 353/3600 trials (  9.8%)   4.11 trial/s  dose ETA 0:13:10  sweep ETA 0:13:10 (~01:57 UTC)
  [6/6] dose 1.00 (6 censored) 579/3600 trials ( 16.1%)   4.95 trial/s  dose ETA 0:10:09  sweep ETA 0:10:09 (~01:54 UTC)
  [6/6] dose 1.00 (6 censored) 747/3600 trials ( 20.8%)   4.97 trial/s  dose ETA 0:09:34  sweep ETA 0:09:34 (~01:54 UTC)
  [6/6] dose 1.00 (6 censored) 919/3600 trials ( 25.5%)   5.00 trial/s  dose ETA 0:08:55  sweep ETA 0:08:55 (~01:54 UTC)
  [6/6] dose 1.00 (6 censored) 1079/3600 trials ( 30.0%)   5.05 trial/s  dose ETA 0:08:19  sweep ETA 0:08:19 (~01:54 UTC)
  [6/6] dose 1.00 (6 censored) 1293/3600 trials ( 35.9%)   5.25 trial/s  dose ETA 0:07:19  sweep ETA 0:07:19 (~01:53 UTC)
  [6/6] dose 1.00 (6 censored) 1531/3600 trials ( 42.5%)   5.54 trial/s  dose ETA 0:06:13  sweep ETA 0:06:13 (~01:53 UTC)
  [6/6] dose 1.00 (6 censored) 1769/3600 trials ( 49.1%)   5.76 trial/s  dose ETA 0:05:17  sweep ETA 0:05:17 (~01:52 UTC)
  [6/6] dose 1.00 (6 censored) 1925/3600 trials ( 53.5%)   5.65 trial/s  dose ETA 0:04:56  sweep ETA 0:04:56 (~01:53 UTC)
  [6/6] dose 1.00 (6 censored) 2101/3600 trials ( 58.4%)   5.57 trial/s  dose ETA 0:04:29  sweep ETA 0:04:29 (~01:53 UTC)
  [6/6] dose 1.00 (6 censored) 2259/3600 trials ( 62.7%)   5.53 trial/s  dose ETA 0:04:02  sweep ETA 0:04:02 (~01:53 UTC)
  [6/6] dose 1.00 (6 censored) 2451/3600 trials ( 68.1%)   5.58 trial/s  dose ETA 0:03:25  sweep ETA 0:03:25 (~01:53 UTC)
  [6/6] dose 1.00 (6 censored) 2701/3600 trials ( 75.0%)   5.72 trial/s  dose ETA 0:02:37  sweep ETA 0:02:37 (~01:53 UTC)
  [6/6] dose 1.00 (6 censored) 2887/3600 trials ( 80.2%)   5.75 trial/s  dose ETA 0:02:04  sweep ETA 0:02:04 (~01:52 UTC)
  [6/6] dose 1.00 (6 censored) 3065/3600 trials ( 85.1%)   5.74 trial/s  dose ETA 0:01:33  sweep ETA 0:01:33 (~01:52 UTC)
  [6/6] dose 1.00 (6 censored) 3245/3600 trials ( 90.1%)   5.74 trial/s  dose ETA 0:01:01  sweep ETA 0:01:01 (~01:52 UTC)
  [6/6] dose 1.00 (6 censored) 3593/3600 trials ( 99.8%)   6.04 trial/s  dose ETA 0:00:01  sweep ETA 0:00:01 (~01:52 UTC)
  [6/6] dose 1.00 (6 censored) 3600/3600 trials (100.0%)   6.05 trial/s  dose ETA 0:00:00  sweep ETA 0:00:00 (~01:52 UTC)
[6/6] dose 1.00 (6 censored) DONE in 0:10:01 -> M9A7-TRAINING-PASS

sweep complete in 1:03:39
written: results/milestone17_training_v2/sweep.json
