nohup: ignoring input
========================================================================
M17 dose sweep | phase=training seeds=31000..31299 (300)
  doses     : 0.00, 0.20, 0.40, 0.60, 0.80, 1.00 (6 levels of agent_failure_count)
  workers   : 16 of 32 cpus  |  python 3.13.5  numpy 2.2.4
  output    : /home/darthhexx/flocking_kalman_research_platform/results/milestone17_training
  progress  : /home/darthhexx/flocking_kalman_research_platform/results/milestone17_training/progress.jsonl  (tail -f this, or the stdout log)

  NOTE: this workload is pure numpy on CPU. There is no GPU code path, so
  a GPU machine helps only through core count -- set --workers to match.
========================================================================
[1/6] dose 0.00 (1 censored) starting
  [1/6] dose 0.00 (1 censored) 1/3600 trials (  0.0%)   0.10 trial/s  dose ETA 10:00:12  sweep ETA 2 days, 12:02:02 (~19:34 UTC)
  [1/6] dose 0.00 (1 censored) 115/3600 trials (  3.2%)   2.73 trial/s  dose ETA 0:21:14  sweep ETA 2:10:57 (~09:43 UTC)
  [1/6] dose 0.00 (1 censored) 271/3600 trials (  7.5%)   3.68 trial/s  dose ETA 0:15:05  sweep ETA 1:36:39 (~09:10 UTC)
  [1/6] dose 0.00 (1 censored) 465/3600 trials ( 12.9%)   4.22 trial/s  dose ETA 0:12:23  sweep ETA 1:23:29 (~08:57 UTC)
  [1/6] dose 0.00 (1 censored) 641/3600 trials ( 17.8%)   4.53 trial/s  dose ETA 0:10:53  sweep ETA 1:17:10 (~08:51 UTC)
  [1/6] dose 0.00 (1 censored) 813/3600 trials ( 22.6%)   4.64 trial/s  dose ETA 0:10:00  sweep ETA 1:14:41 (~08:49 UTC)
  [1/6] dose 0.00 (1 censored) 981/3600 trials ( 27.3%)   4.70 trial/s  dose ETA 0:09:16  sweep ETA 1:13:05 (~08:48 UTC)
  [1/6] dose 0.00 (1 censored) 1157/3600 trials ( 32.1%)   4.78 trial/s  dose ETA 0:08:31  sweep ETA 1:11:16 (~08:47 UTC)
  [1/6] dose 0.00 (1 censored) 1347/3600 trials ( 37.4%)   4.95 trial/s  dose ETA 0:07:35  sweep ETA 1:08:14 (~08:44 UTC)
  [1/6] dose 0.00 (1 censored) 1529/3600 trials ( 42.5%)   5.05 trial/s  dose ETA 0:06:49  sweep ETA 1:06:11 (~08:43 UTC)
  [1/6] dose 0.00 (1 censored) 1705/3600 trials ( 47.4%)   5.10 trial/s  dose ETA 0:06:11  sweep ETA 1:05:00 (~08:42 UTC)
  [1/6] dose 0.00 (1 censored) 1865/3600 trials ( 51.8%)   5.10 trial/s  dose ETA 0:05:40  sweep ETA 1:04:32 (~08:42 UTC)
  [1/6] dose 0.00 (1 censored) 2021/3600 trials ( 56.1%)   5.08 trial/s  dose ETA 0:05:10  sweep ETA 1:04:15 (~08:43 UTC)
  [1/6] dose 0.00 (1 censored) 2175/3600 trials ( 60.4%)   5.06 trial/s  dose ETA 0:04:41  sweep ETA 1:03:59 (~08:43 UTC)
  [1/6] dose 0.00 (1 censored) 2333/3600 trials ( 64.8%)   5.05 trial/s  dose ETA 0:04:11  sweep ETA 1:03:38 (~08:43 UTC)
  [1/6] dose 0.00 (1 censored) 2507/3600 trials ( 69.6%)   5.06 trial/s  dose ETA 0:03:36  sweep ETA 1:02:56 (~08:43 UTC)
  [1/6] dose 0.00 (1 censored) 2681/3600 trials ( 74.5%)   5.07 trial/s  dose ETA 0:03:01  sweep ETA 1:02:08 (~08:43 UTC)
  [1/6] dose 0.00 (1 censored) 2863/3600 trials ( 79.5%)   5.12 trial/s  dose ETA 0:02:23  sweep ETA 1:00:56 (~08:42 UTC)
  [1/6] dose 0.00 (1 censored) 3045/3600 trials ( 84.6%)   5.17 trial/s  dose ETA 0:01:47  sweep ETA 0:59:51 (~08:41 UTC)
  [1/6] dose 0.00 (1 censored) 3213/3600 trials ( 89.2%)   5.18 trial/s  dose ETA 0:01:14  sweep ETA 0:59:06 (~08:41 UTC)
  [1/6] dose 0.00 (1 censored) 3515/3600 trials ( 97.6%)   5.40 trial/s  dose ETA 0:00:15  sweep ETA 0:55:48 (~08:38 UTC)
  [1/6] dose 0.00 (1 censored) 3600/3600 trials (100.0%)   5.49 trial/s  dose ETA 0:00:00  sweep ETA 0:54:36 (~08:37 UTC)
[1/6] dose 0.00 (1 censored) DONE in 0:11:01 -> M9A7-TRAINING-PASS
[2/6] dose 0.20 (2 censored) starting
  [2/6] dose 0.20 (2 censored) 1/3600 trials (  0.0%)   0.05 trial/s  dose ETA 18:14:56  sweep ETA 18:59:03 (~02:42 UTC)
  [2/6] dose 0.20 (2 censored) 177/3600 trials (  4.9%)   3.14 trial/s  dose ETA 0:18:09  sweep ETA 1:02:16 (~08:46 UTC)
  [2/6] dose 0.20 (2 censored) 353/3600 trials (  9.8%)   3.83 trial/s  dose ETA 0:14:07  sweep ETA 0:58:13 (~08:42 UTC)
  [2/6] dose 0.20 (2 censored) 527/3600 trials ( 14.6%)   4.31 trial/s  dose ETA 0:11:52  sweep ETA 0:55:58 (~08:41 UTC)
  [2/6] dose 0.20 (2 censored) 691/3600 trials ( 19.2%)   4.47 trial/s  dose ETA 0:10:50  sweep ETA 0:54:57 (~08:40 UTC)
  [2/6] dose 0.20 (2 censored) 867/3600 trials ( 24.1%)   4.60 trial/s  dose ETA 0:09:54  sweep ETA 0:54:00 (~08:40 UTC)
  [2/6] dose 0.20 (2 censored) 1043/3600 trials ( 29.0%)   4.69 trial/s  dose ETA 0:09:04  sweep ETA 0:53:11 (~08:40 UTC)
  [2/6] dose 0.20 (2 censored) 1219/3600 trials ( 33.9%)   4.80 trial/s  dose ETA 0:08:15  sweep ETA 0:52:22 (~08:39 UTC)
  [2/6] dose 0.20 (2 censored) 1415/3600 trials ( 39.3%)   4.94 trial/s  dose ETA 0:07:22  sweep ETA 0:51:28 (~08:39 UTC)
  [2/6] dose 0.20 (2 censored) 1591/3600 trials ( 44.2%)   5.02 trial/s  dose ETA 0:06:39  sweep ETA 0:50:46 (~08:39 UTC)
  [2/6] dose 0.20 (2 censored) 1765/3600 trials ( 49.0%)   5.07 trial/s  dose ETA 0:06:01  sweep ETA 0:50:08 (~08:39 UTC)
  [2/6] dose 0.20 (2 censored) 1919/3600 trials ( 53.3%)   5.05 trial/s  dose ETA 0:05:33  sweep ETA 0:49:39 (~08:39 UTC)
  [2/6] dose 0.20 (2 censored) 2059/3600 trials ( 57.2%)   5.02 trial/s  dose ETA 0:05:07  sweep ETA 0:49:13 (~08:39 UTC)
  [2/6] dose 0.20 (2 censored) 2213/3600 trials ( 61.5%)   5.01 trial/s  dose ETA 0:04:36  sweep ETA 0:48:43 (~08:39 UTC)
  [2/6] dose 0.20 (2 censored) 2369/3600 trials ( 65.8%)   5.01 trial/s  dose ETA 0:04:05  sweep ETA 0:48:12 (~08:39 UTC)
  [2/6] dose 0.20 (2 censored) 2567/3600 trials ( 71.3%)   5.07 trial/s  dose ETA 0:03:23  sweep ETA 0:47:30 (~08:39 UTC)
  [2/6] dose 0.20 (2 censored) 2747/3600 trials ( 76.3%)   5.12 trial/s  dose ETA 0:02:46  sweep ETA 0:46:53 (~08:38 UTC)
  [2/6] dose 0.20 (2 censored) 2937/3600 trials ( 81.6%)   5.17 trial/s  dose ETA 0:02:08  sweep ETA 0:46:14 (~08:38 UTC)
  [2/6] dose 0.20 (2 censored) 3109/3600 trials ( 86.4%)   5.20 trial/s  dose ETA 0:01:34  sweep ETA 0:45:40 (~08:38 UTC)
  [2/6] dose 0.20 (2 censored) 3279/3600 trials ( 91.1%)   5.21 trial/s  dose ETA 0:01:01  sweep ETA 0:45:08 (~08:38 UTC)
  [2/6] dose 0.20 (2 censored) 3600/3600 trials (100.0%)   5.51 trial/s  dose ETA 0:00:00  sweep ETA 0:44:06 (~08:38 UTC)
[2/6] dose 0.20 (2 censored) DONE in 0:10:59 -> M9A7-TRAINING-PASS
[3/6] dose 0.40 (3 censored) starting
  [3/6] dose 0.40 (3 censored) 1/3600 trials (  0.0%)   0.05 trial/s  dose ETA 18:23:50  sweep ETA 18:56:52 (~02:51 UTC)
  [3/6] dose 0.40 (3 censored) 177/3600 trials (  4.9%)   3.05 trial/s  dose ETA 0:18:41  sweep ETA 0:51:43 (~08:46 UTC)
  [3/6] dose 0.40 (3 censored) 353/3600 trials (  9.8%)   3.81 trial/s  dose ETA 0:14:12  sweep ETA 0:47:14 (~08:42 UTC)
  [3/6] dose 0.40 (3 censored) 529/3600 trials ( 14.7%)   4.31 trial/s  dose ETA 0:11:52  sweep ETA 0:44:54 (~08:41 UTC)
  [3/6] dose 0.40 (3 censored) 689/3600 trials ( 19.1%)   4.48 trial/s  dose ETA 0:10:49  sweep ETA 0:43:51 (~08:40 UTC)
  [3/6] dose 0.40 (3 censored) 867/3600 trials ( 24.1%)   4.61 trial/s  dose ETA 0:09:52  sweep ETA 0:42:54 (~08:40 UTC)
  [3/6] dose 0.40 (3 censored) 1041/3600 trials ( 28.9%)   4.69 trial/s  dose ETA 0:09:05  sweep ETA 0:42:07 (~08:39 UTC)
  [3/6] dose 0.40 (3 censored) 1217/3600 trials ( 33.8%)   4.82 trial/s  dose ETA 0:08:14  sweep ETA 0:41:16 (~08:39 UTC)
  [3/6] dose 0.40 (3 censored) 1409/3600 trials ( 39.1%)   4.94 trial/s  dose ETA 0:07:23  sweep ETA 0:40:25 (~08:39 UTC)
  [3/6] dose 0.40 (3 censored) 1581/3600 trials ( 43.9%)   5.01 trial/s  dose ETA 0:06:43  sweep ETA 0:39:45 (~08:39 UTC)
  [3/6] dose 0.40 (3 censored) 1755/3600 trials ( 48.8%)   5.07 trial/s  dose ETA 0:06:03  sweep ETA 0:39:05 (~08:38 UTC)
  [3/6] dose 0.40 (3 censored) 1907/3600 trials ( 53.0%)   5.03 trial/s  dose ETA 0:05:36  sweep ETA 0:38:38 (~08:39 UTC)
  [3/6] dose 0.40 (3 censored) 2063/3600 trials ( 57.3%)   5.02 trial/s  dose ETA 0:05:06  sweep ETA 0:38:08 (~08:39 UTC)
  [3/6] dose 0.40 (3 censored) 2211/3600 trials ( 61.4%)   5.01 trial/s  dose ETA 0:04:37  sweep ETA 0:37:39 (~08:39 UTC)
  [3/6] dose 0.40 (3 censored) 2361/3600 trials ( 65.6%)   5.01 trial/s  dose ETA 0:04:07  sweep ETA 0:37:09 (~08:39 UTC)
  [3/6] dose 0.40 (3 censored) 2563/3600 trials ( 71.2%)   5.10 trial/s  dose ETA 0:03:23  sweep ETA 0:36:25 (~08:38 UTC)
  [3/6] dose 0.40 (3 censored) 2755/3600 trials ( 76.5%)   5.17 trial/s  dose ETA 0:02:43  sweep ETA 0:35:45 (~08:38 UTC)
  [3/6] dose 0.40 (3 censored) 2935/3600 trials ( 81.5%)   5.20 trial/s  dose ETA 0:02:07  sweep ETA 0:35:09 (~08:38 UTC)
  [3/6] dose 0.40 (3 censored) 3107/3600 trials ( 86.3%)   5.23 trial/s  dose ETA 0:01:34  sweep ETA 0:34:36 (~08:38 UTC)
  [3/6] dose 0.40 (3 censored) 3281/3600 trials ( 91.1%)   5.24 trial/s  dose ETA 0:01:00  sweep ETA 0:34:02 (~08:38 UTC)
  [3/6] dose 0.40 (3 censored) 3600/3600 trials (100.0%)   5.54 trial/s  dose ETA 0:00:00  sweep ETA 0:33:01 (~08:37 UTC)
[3/6] dose 0.40 (3 censored) DONE in 0:10:55 -> M9A7-TRAINING-PASS
[4/6] dose 0.60 (4 censored) starting
  [4/6] dose 0.60 (4 censored) 1/3600 trials (  0.0%)   0.10 trial/s  dose ETA 10:04:15  sweep ETA 10:26:13 (~18:31 UTC)
  [4/6] dose 0.60 (4 censored) 113/3600 trials (  3.1%)   2.70 trial/s  dose ETA 0:21:31  sweep ETA 0:43:29 (~08:49 UTC)
  [4/6] dose 0.60 (4 censored) 253/3600 trials (  7.0%)   3.52 trial/s  dose ETA 0:15:50  sweep ETA 0:37:48 (~08:44 UTC)
  [4/6] dose 0.60 (4 censored) 411/3600 trials ( 11.4%)   4.02 trial/s  dose ETA 0:13:12  sweep ETA 0:35:11 (~08:41 UTC)
  [4/6] dose 0.60 (4 censored) 581/3600 trials ( 16.1%)   4.39 trial/s  dose ETA 0:11:28  sweep ETA 0:33:26 (~08:40 UTC)
  [4/6] dose 0.60 (4 censored) 739/3600 trials ( 20.5%)   4.54 trial/s  dose ETA 0:10:29  sweep ETA 0:32:28 (~08:40 UTC)
  [4/6] dose 0.60 (4 censored) 895/3600 trials ( 24.9%)   4.63 trial/s  dose ETA 0:09:43  sweep ETA 0:31:41 (~08:39 UTC)
  [4/6] dose 0.60 (4 censored) 1059/3600 trials ( 29.4%)   4.69 trial/s  dose ETA 0:09:01  sweep ETA 0:30:59 (~08:39 UTC)
  [4/6] dose 0.60 (4 censored) 1235/3600 trials ( 34.3%)   4.79 trial/s  dose ETA 0:08:13  sweep ETA 0:30:11 (~08:39 UTC)
  [4/6] dose 0.60 (4 censored) 1437/3600 trials ( 39.9%)   4.99 trial/s  dose ETA 0:07:13  sweep ETA 0:29:11 (~08:39 UTC)
  [4/6] dose 0.60 (4 censored) 1605/3600 trials ( 44.6%)   5.04 trial/s  dose ETA 0:06:35  sweep ETA 0:28:33 (~08:38 UTC)
  [4/6] dose 0.60 (4 censored) 1769/3600 trials ( 49.1%)   5.07 trial/s  dose ETA 0:06:01  sweep ETA 0:27:59 (~08:38 UTC)
  [4/6] dose 0.60 (4 censored) 1913/3600 trials ( 53.1%)   5.04 trial/s  dose ETA 0:05:34  sweep ETA 0:27:32 (~08:38 UTC)
  [4/6] dose 0.60 (4 censored) 2057/3600 trials ( 57.1%)   5.01 trial/s  dose ETA 0:05:07  sweep ETA 0:27:05 (~08:39 UTC)
  [4/6] dose 0.60 (4 censored) 2215/3600 trials ( 61.5%)   5.01 trial/s  dose ETA 0:04:36  sweep ETA 0:26:34 (~08:39 UTC)
  [4/6] dose 0.60 (4 censored) 2373/3600 trials ( 65.9%)   5.01 trial/s  dose ETA 0:04:04  sweep ETA 0:26:02 (~08:39 UTC)
  [4/6] dose 0.60 (4 censored) 2603/3600 trials ( 72.3%)   5.15 trial/s  dose ETA 0:03:13  sweep ETA 0:25:11 (~08:38 UTC)
  [4/6] dose 0.60 (4 censored) 2797/3600 trials ( 77.7%)   5.22 trial/s  dose ETA 0:02:33  sweep ETA 0:24:31 (~08:38 UTC)
  [4/6] dose 0.60 (4 censored) 2977/3600 trials ( 82.7%)   5.26 trial/s  dose ETA 0:01:58  sweep ETA 0:23:56 (~08:38 UTC)
  [4/6] dose 0.60 (4 censored) 3149/3600 trials ( 87.5%)   5.27 trial/s  dose ETA 0:01:25  sweep ETA 0:23:23 (~08:38 UTC)
  [4/6] dose 0.60 (4 censored) 3381/3600 trials ( 93.9%)   5.39 trial/s  dose ETA 0:00:40  sweep ETA 0:22:38 (~08:38 UTC)
  [4/6] dose 0.60 (4 censored) 3600/3600 trials (100.0%)   5.58 trial/s  dose ETA 0:00:00  sweep ETA 0:21:58 (~08:37 UTC)
[4/6] dose 0.60 (4 censored) DONE in 0:10:51 -> M9A7-TRAINING-PASS
[5/6] dose 0.80 (5 censored) starting
  [5/6] dose 0.80 (5 censored) 1/3600 trials (  0.0%)   0.10 trial/s  dose ETA 10:04:16  sweep ETA 10:15:13 (~18:31 UTC)
  [5/6] dose 0.80 (5 censored) 129/3600 trials (  3.6%)   2.88 trial/s  dose ETA 0:20:03  sweep ETA 0:31:00 (~08:47 UTC)
  [5/6] dose 0.80 (5 censored) 289/3600 trials (  8.0%)   3.86 trial/s  dose ETA 0:14:16  sweep ETA 0:25:13 (~08:42 UTC)
  [5/6] dose 0.80 (5 censored) 447/3600 trials ( 12.4%)   4.14 trial/s  dose ETA 0:12:42  sweep ETA 0:23:39 (~08:41 UTC)
  [5/6] dose 0.80 (5 censored) 623/3600 trials ( 17.3%)   4.44 trial/s  dose ETA 0:11:10  sweep ETA 0:22:07 (~08:40 UTC)
  [5/6] dose 0.80 (5 censored) 773/3600 trials ( 21.5%)   4.54 trial/s  dose ETA 0:10:23  sweep ETA 0:21:20 (~08:40 UTC)
  [5/6] dose 0.80 (5 censored) 937/3600 trials ( 26.0%)   4.64 trial/s  dose ETA 0:09:34  sweep ETA 0:20:31 (~08:39 UTC)
  [5/6] dose 0.80 (5 censored) 1103/3600 trials ( 30.6%)   4.72 trial/s  dose ETA 0:08:48  sweep ETA 0:19:45 (~08:39 UTC)
  [5/6] dose 0.80 (5 censored) 1297/3600 trials ( 36.0%)   4.85 trial/s  dose ETA 0:07:54  sweep ETA 0:18:51 (~08:39 UTC)
  [5/6] dose 0.80 (5 censored) 1483/3600 trials ( 41.2%)   4.98 trial/s  dose ETA 0:07:04  sweep ETA 0:18:01 (~08:38 UTC)
  [5/6] dose 0.80 (5 censored) 1653/3600 trials ( 45.9%)   5.03 trial/s  dose ETA 0:06:26  sweep ETA 0:17:24 (~08:38 UTC)
  [5/6] dose 0.80 (5 censored) 1821/3600 trials ( 50.6%)   5.05 trial/s  dose ETA 0:05:52  sweep ETA 0:16:49 (~08:38 UTC)
  [5/6] dose 0.80 (5 censored) 1979/3600 trials ( 55.0%)   5.02 trial/s  dose ETA 0:05:22  sweep ETA 0:16:19 (~08:38 UTC)
  [5/6] dose 0.80 (5 censored) 2121/3600 trials ( 58.9%)   5.00 trial/s  dose ETA 0:04:55  sweep ETA 0:15:52 (~08:38 UTC)
  [5/6] dose 0.80 (5 censored) 2273/3600 trials ( 63.1%)   5.00 trial/s  dose ETA 0:04:25  sweep ETA 0:15:22 (~08:38 UTC)
  [5/6] dose 0.80 (5 censored) 2467/3600 trials ( 68.5%)   5.08 trial/s  dose ETA 0:03:42  sweep ETA 0:14:40 (~08:38 UTC)
  [5/6] dose 0.80 (5 censored) 2705/3600 trials ( 75.1%)   5.22 trial/s  dose ETA 0:02:51  sweep ETA 0:13:48 (~08:38 UTC)
  [5/6] dose 0.80 (5 censored) 2889/3600 trials ( 80.2%)   5.26 trial/s  dose ETA 0:02:15  sweep ETA 0:13:12 (~08:38 UTC)
  [5/6] dose 0.80 (5 censored) 3067/3600 trials ( 85.2%)   5.29 trial/s  dose ETA 0:01:40  sweep ETA 0:12:37 (~08:38 UTC)
  [5/6] dose 0.80 (5 censored) 3243/3600 trials ( 90.1%)   5.30 trial/s  dose ETA 0:01:07  sweep ETA 0:12:04 (~08:38 UTC)
  [5/6] dose 0.80 (5 censored) 3600/3600 trials (100.0%)   5.61 trial/s  dose ETA 0:00:00  sweep ETA 0:10:57 (~08:37 UTC)
[5/6] dose 0.80 (5 censored) DONE in 0:10:48 -> M9A7-TRAINING-PASS
[6/6] dose 1.00 (6 censored) starting
  [6/6] dose 1.00 (6 censored) 1/3600 trials (  0.0%)   0.10 trial/s  dose ETA 10:05:05  sweep ETA 10:05:05 (~18:31 UTC)
  [6/6] dose 1.00 (6 censored) 129/3600 trials (  3.6%)   2.89 trial/s  dose ETA 0:20:02  sweep ETA 0:20:02 (~08:47 UTC)
  [6/6] dose 1.00 (6 censored) 275/3600 trials (  7.6%)   3.65 trial/s  dose ETA 0:15:11  sweep ETA 0:15:11 (~08:43 UTC)
  [6/6] dose 1.00 (6 censored) 449/3600 trials ( 12.5%)   4.16 trial/s  dose ETA 0:12:36  sweep ETA 0:12:36 (~08:41 UTC)
  [6/6] dose 1.00 (6 censored) 617/3600 trials ( 17.1%)   4.43 trial/s  dose ETA 0:11:12  sweep ETA 0:11:12 (~08:40 UTC)
  [6/6] dose 1.00 (6 censored) 775/3600 trials ( 21.5%)   4.57 trial/s  dose ETA 0:10:18  sweep ETA 0:10:18 (~08:39 UTC)
  [6/6] dose 1.00 (6 censored) 931/3600 trials ( 25.9%)   4.65 trial/s  dose ETA 0:09:34  sweep ETA 0:09:34 (~08:39 UTC)
  [6/6] dose 1.00 (6 censored) 1089/3600 trials ( 30.2%)   4.70 trial/s  dose ETA 0:08:54  sweep ETA 0:08:54 (~08:39 UTC)
  [6/6] dose 1.00 (6 censored) 1271/3600 trials ( 35.3%)   4.85 trial/s  dose ETA 0:08:00  sweep ETA 0:08:00 (~08:39 UTC)
  [6/6] dose 1.00 (6 censored) 1467/3600 trials ( 40.8%)   4.99 trial/s  dose ETA 0:07:07  sweep ETA 0:07:07 (~08:38 UTC)
  [6/6] dose 1.00 (6 censored) 1637/3600 trials ( 45.5%)   5.04 trial/s  dose ETA 0:06:29  sweep ETA 0:06:29 (~08:38 UTC)
  [6/6] dose 1.00 (6 censored) 1801/3600 trials ( 50.0%)   5.05 trial/s  dose ETA 0:05:56  sweep ETA 0:05:56 (~08:38 UTC)
  [6/6] dose 1.00 (6 censored) 1945/3600 trials ( 54.0%)   5.03 trial/s  dose ETA 0:05:28  sweep ETA 0:05:28 (~08:38 UTC)
  [6/6] dose 1.00 (6 censored) 2091/3600 trials ( 58.1%)   4.99 trial/s  dose ETA 0:05:02  sweep ETA 0:05:02 (~08:38 UTC)
  [6/6] dose 1.00 (6 censored) 2255/3600 trials ( 62.6%)   5.00 trial/s  dose ETA 0:04:28  sweep ETA 0:04:28 (~08:38 UTC)
  [6/6] dose 1.00 (6 censored) 2439/3600 trials ( 67.8%)   5.07 trial/s  dose ETA 0:03:48  sweep ETA 0:03:48 (~08:38 UTC)
  [6/6] dose 1.00 (6 censored) 2697/3600 trials ( 74.9%)   5.28 trial/s  dose ETA 0:02:51  sweep ETA 0:02:51 (~08:38 UTC)
  [6/6] dose 1.00 (6 censored) 2883/3600 trials ( 80.1%)   5.29 trial/s  dose ETA 0:02:15  sweep ETA 0:02:15 (~08:38 UTC)
  [6/6] dose 1.00 (6 censored) 3065/3600 trials ( 85.1%)   5.31 trial/s  dose ETA 0:01:40  sweep ETA 0:01:40 (~08:38 UTC)
  [6/6] dose 1.00 (6 censored) 3245/3600 trials ( 90.1%)   5.33 trial/s  dose ETA 0:01:06  sweep ETA 0:01:06 (~08:37 UTC)
  [6/6] dose 1.00 (6 censored) 3589/3600 trials ( 99.7%)   5.62 trial/s  dose ETA 0:00:01  sweep ETA 0:00:01 (~08:37 UTC)
  [6/6] dose 1.00 (6 censored) 3600/3600 trials (100.0%)   5.64 trial/s  dose ETA 0:00:00  sweep ETA 0:00:00 (~08:37 UTC)
[6/6] dose 1.00 (6 censored) DONE in 0:10:45 -> M9A7-TRAINING-PASS

sweep complete in 1:05:21
written: /home/darthhexx/flocking_kalman_research_platform/results/milestone17_training/sweep.json
